[Tue Jul 24 14:40:36.052706 2018] [cgi:error] [pid 21899] [client 162.243.33.6:49436] AH01215: error: insufficient permission for adding an object to repository database .git/objects, referer: https://gersh.in/buzzwords/
[Tue Jul 24 14:40:36.052787 2018] [cgi:error] [pid 21899] [client 162.243.33.6:49436] AH01215: fatal: failed to write object, referer: https://gersh.in/buzzwords/
[Tue Jul 24 14:40:36.055810 2018] [cgi:error] [pid 21899] [client 162.243.33.6:49436] AH01215: fatal: unpack-objects failed, referer: https://gersh.in/buzzwords/
[Tue Jul 24 14:40:39.663333 2018] [cgi:error] [pid 21954] [client 162.243.33.6:49450] AH01215: error: insufficient permission for adding an object to repository database .git/objects, referer: https://gersh.in/buzzwords/
[Tue Jul 24 14:40:39.663524 2018] [cgi:error] [pid 21954] [client 162.243.33.6:49450] AH01215: fatal: failed to write object, referer: https://gersh.in/buzzwords/
[Tue Jul 24 14:40:39.664238 2018] [cgi:error] [pid 21954] [client 162.243.33.6:49450] AH01215: fatal: unpack-objects failed, referer: https://gersh.in/buzzwords/
[Tue Jul 24 14:40:39.666079 2018] [cgi:error] [pid 21954] [client 162.243.33.6:49450] AH01215: error: Could not fetch origin, referer: https://gersh.in/buzzwords/
[Tue Jul 24 14:40:39.893352 2018] [cgi:error] [pid 21954] [client 162.243.33.6:49450] AH01215: error: insufficient permission for adding an object to repository database .git/objects, referer: https://gersh.in/buzzwords/
[Tue Jul 24 14:40:39.893430 2018] [cgi:error] [pid 21954] [client 162.243.33.6:49450] AH01215: fatal: failed to write object, referer: https://gersh.in/buzzwords/
[Tue Jul 24 14:40:39.899816 2018] [cgi:error] [pid 21954] [client 162.243.33.6:49450] AH01215: fatal: unpack-objects failed, referer: https://gersh.in/buzzwords/
[Wed Jul 25 06:25:03.902444 2018] [ssl:warn] [pid 22954] AH01906: www.gersh.in:443:0 server certificate is a CA certificate (BasicConstraints: CA == TRUE !?)
[Wed Jul 25 06:25:03.902930 2018] [ssl:warn] [pid 22954] AH01909: www.gersh.in:443:0 server certificate does NOT include an ID which matches the server name
[Wed Jul 25 15:15:56.098290 2018] [ssl:warn] [pid 8622] AH01906: www.gersh.in:443:0 server certificate is a CA certificate (BasicConstraints: CA == TRUE !?)
[Wed Jul 25 15:15:56.098699 2018] [ssl:warn] [pid 8622] AH01909: www.gersh.in:443:0 server certificate does NOT include an ID which matches the server name
[Wed Jul 25 15:15:56.171597 2018] [ssl:warn] [pid 8623] AH01906: www.gersh.in:443:0 server certificate is a CA certificate (BasicConstraints: CA == TRUE !?)
[Wed Jul 25 15:15:56.171627 2018] [ssl:warn] [pid 8623] AH01909: www.gersh.in:443:0 server certificate does NOT include an ID which matches the server name
[Wed Jul 25 15:16:27.545307 2018] [cgi:error] [pid 8629] [client 127.0.0.1:57878] AH01215: error: insufficient permission for adding an object to repository database .git/objects, referer: https://gersh.in/buzzwords/
[Wed Jul 25 15:16:27.545364 2018] [cgi:error] [pid 8629] [client 127.0.0.1:57878] AH01215: fatal: failed to write object, referer: https://gersh.in/buzzwords/
[Wed Jul 25 15:16:27.546901 2018] [cgi:error] [pid 8629] [client 127.0.0.1:57878] AH01215: fatal: unpack-objects failed, referer: https://gersh.in/buzzwords/
[Wed Jul 25 15:16:27.546934 2018] [cgi:error] [pid 8629] [client 127.0.0.1:57878] AH01215: error: Could not fetch origin, referer: https://gersh.in/buzzwords/
[Wed Jul 25 15:16:28.306136 2018] [cgi:error] [pid 8629] [client 127.0.0.1:57878] AH01215: error: insufficient permission for adding an object to repository database .git/objects, referer: https://gersh.in/buzzwords/
[Wed Jul 25 15:16:28.306234 2018] [cgi:error] [pid 8629] [client 127.0.0.1:57878] AH01215: fatal: failed to write object, referer: https://gersh.in/buzzwords/
[Wed Jul 25 15:16:28.306707 2018] [cgi:error] [pid 8629] [client 127.0.0.1:57878] AH01215: fatal: unpack-objects failed, referer: https://gersh.in/buzzwords/
[Wed Jul 25 15:38:16.264387 2018] [cgi:error] [pid 8628] [client 127.0.0.1:33855] AH01215: error: insufficient permission for adding an object to repository database .git/objects, referer: https://gersh.in/buzzwords/
[Wed Jul 25 15:38:16.264471 2018] [cgi:error] [pid 8628] [client 127.0.0.1:33855] AH01215: fatal: failed to write object, referer: https://gersh.in/buzzwords/
[Wed Jul 25 15:38:16.266282 2018] [cgi:error] [pid 8628] [client 127.0.0.1:33855] AH01215: fatal: unpack-objects failed, referer: https://gersh.in/buzzwords/
[Wed Jul 25 15:38:16.266317 2018] [cgi:error] [pid 8628] [client 127.0.0.1:33855] AH01215: error: Could not fetch origin, referer: https://gersh.in/buzzwords/
[Wed Jul 25 15:38:16.480650 2018] [cgi:error] [pid 8628] [client 127.0.0.1:33855] AH01215: error: insufficient permission for adding an object to repository database .git/objects, referer: https://gersh.in/buzzwords/
[Wed Jul 25 15:38:16.480793 2018] [cgi:error] [pid 8628] [client 127.0.0.1:33855] AH01215: fatal: failed to write object, referer: https://gersh.in/buzzwords/
[Wed Jul 25 15:38:16.487817 2018] [cgi:error] [pid 8628] [client 127.0.0.1:33855] AH01215: fatal: unpack-objects failed, referer: https://gersh.in/buzzwords/
[Wed Jul 25 15:38:17.099108 2018] [cgi:error] [pid 8630] [client 162.243.33.6:55964] AH01215: error: insufficient permission for adding an object to repository database .git/objects, referer: https://gersh.in/buzzwords/
[Wed Jul 25 15:38:17.099189 2018] [cgi:error] [pid 8630] [client 162.243.33.6:55964] AH01215: fatal: failed to write object, referer: https://gersh.in/buzzwords/
[Wed Jul 25 15:38:17.100921 2018] [cgi:error] [pid 8630] [client 162.243.33.6:55964] AH01215: fatal: unpack-objects failed, referer: https://gersh.in/buzzwords/
[Wed Jul 25 15:38:17.100957 2018] [cgi:error] [pid 8630] [client 162.243.33.6:55964] AH01215: error: Could not fetch origin, referer: https://gersh.in/buzzwords/
[Wed Jul 25 15:38:17.328816 2018] [cgi:error] [pid 8630] [client 162.243.33.6:55964] AH01215: error: insufficient permission for adding an object to repository database .git/objects, referer: https://gersh.in/buzzwords/
[Wed Jul 25 15:38:17.329302 2018] [cgi:error] [pid 8630] [client 162.243.33.6:55964] AH01215: fatal: failed to write object, referer: https://gersh.in/buzzwords/
[Wed Jul 25 15:38:17.329332 2018] [cgi:error] [pid 8630] [client 162.243.33.6:55964] AH01215: fatal: unpack-objects failed, referer: https://gersh.in/buzzwords/
[Wed Jul 25 15:38:22.156967 2018] [cgi:error] [pid 8627] [client 127.0.0.1:33880] AH01215: error: insufficient permission for adding an object to repository database .git/objects, referer: https://gersh.in/buzzwords/
[Wed Jul 25 15:38:22.157046 2018] [cgi:error] [pid 8627] [client 127.0.0.1:33880] AH01215: fatal: failed to write object, referer: https://gersh.in/buzzwords/
[Wed Jul 25 15:38:22.158842 2018] [cgi:error] [pid 8627] [client 127.0.0.1:33880] AH01215: fatal: unpack-objects failed, referer: https://gersh.in/buzzwords/
[Wed Jul 25 15:38:22.158887 2018] [cgi:error] [pid 8627] [client 127.0.0.1:33880] AH01215: error: Could not fetch origin, referer: https://gersh.in/buzzwords/
[Wed Jul 25 15:38:22.380705 2018] [cgi:error] [pid 8627] [client 127.0.0.1:33880] AH01215: error: insufficient permission for adding an object to repository database .git/objects, referer: https://gersh.in/buzzwords/
[Wed Jul 25 15:38:22.380775 2018] [cgi:error] [pid 8627] [client 127.0.0.1:33880] AH01215: fatal: failed to write object, referer: https://gersh.in/buzzwords/
[Wed Jul 25 15:38:22.387903 2018] [cgi:error] [pid 8627] [client 127.0.0.1:33880] AH01215: fatal: unpack-objects failed, referer: https://gersh.in/buzzwords/
[Wed Jul 25 15:38:23.579156 2018] [cgi:error] [pid 8691] [client 162.243.33.6:55989] AH01215: error: insufficient permission for adding an object to repository database .git/objects, referer: https://gersh.in/buzzwords/
[Wed Jul 25 15:38:23.579856 2018] [cgi:error] [pid 8691] [client 162.243.33.6:55989] AH01215: fatal: failed to write object, referer: https://gersh.in/buzzwords/
[Wed Jul 25 15:38:23.582129 2018] [cgi:error] [pid 8691] [client 162.243.33.6:55989] AH01215: fatal: unpack-objects failed, referer: https://gersh.in/buzzwords/
[Wed Jul 25 15:38:23.582162 2018] [cgi:error] [pid 8691] [client 162.243.33.6:55989] AH01215: error: Could not fetch origin, referer: https://gersh.in/buzzwords/
[Wed Jul 25 15:38:23.811053 2018] [cgi:error] [pid 8691] [client 162.243.33.6:55989] AH01215: error: insufficient permission for adding an object to repository database .git/objects, referer: https://gersh.in/buzzwords/
[Wed Jul 25 15:38:23.811145 2018] [cgi:error] [pid 8691] [client 162.243.33.6:55989] AH01215: fatal: failed to write object, referer: https://gersh.in/buzzwords/
[Wed Jul 25 15:38:23.816033 2018] [cgi:error] [pid 8691] [client 162.243.33.6:55989] AH01215: fatal: unpack-objects failed, referer: https://gersh.in/buzzwords/
[Wed Jul 25 15:38:24.072679 2018] [cgi:error] [pid 8626] [client 162.243.33.6:55995] AH01215: error: insufficient permission for adding an object to repository database .git/objects, referer: https://gersh.in/buzzwords/
[Wed Jul 25 15:38:24.072769 2018] [cgi:error] [pid 8626] [client 162.243.33.6:55995] AH01215: fatal: failed to write object, referer: https://gersh.in/buzzwords/
[Wed Jul 25 15:38:24.074623 2018] [cgi:error] [pid 8626] [client 162.243.33.6:55995] AH01215: fatal: unpack-objects failed, referer: https://gersh.in/buzzwords/
[Wed Jul 25 15:38:24.074659 2018] [cgi:error] [pid 8626] [client 162.243.33.6:55995] AH01215: error: Could not fetch origin, referer: https://gersh.in/buzzwords/
[Wed Jul 25 15:38:24.305723 2018] [cgi:error] [pid 8630] [client 127.0.0.1:33894] AH01215: error: insufficient permission for adding an object to repository database .git/objects, referer: https://gersh.in/buzzwords/
[Wed Jul 25 15:38:24.305824 2018] [cgi:error] [pid 8630] [client 127.0.0.1:33894] AH01215: fatal: failed to write object, referer: https://gersh.in/buzzwords/
[Wed Jul 25 15:38:24.309795 2018] [cgi:error] [pid 8630] [client 127.0.0.1:33894] AH01215: fatal: unpack-objects failed, referer: https://gersh.in/buzzwords/
[Wed Jul 25 15:38:24.309843 2018] [cgi:error] [pid 8630] [client 127.0.0.1:33894] AH01215: error: Could not fetch origin, referer: https://gersh.in/buzzwords/
[Wed Jul 25 15:38:24.412522 2018] [cgi:error] [pid 8626] [client 162.243.33.6:55995] AH01215: error: insufficient permission for adding an object to repository database .git/objects, referer: https://gersh.in/buzzwords/
[Wed Jul 25 15:38:24.412587 2018] [cgi:error] [pid 8626] [client 162.243.33.6:55995] AH01215: fatal: failed to write object, referer: https://gersh.in/buzzwords/
[Wed Jul 25 15:38:24.415810 2018] [cgi:error] [pid 8626] [client 162.243.33.6:55995] AH01215: fatal: unpack-objects failed, referer: https://gersh.in/buzzwords/
[Wed Jul 25 15:38:24.535755 2018] [cgi:error] [pid 8627] [client 162.243.33.6:55999] AH01215: error: insufficient permission for adding an object to repository database .git/objects, referer: https://gersh.in/buzzwords/
[Wed Jul 25 15:38:24.535856 2018] [cgi:error] [pid 8627] [client 162.243.33.6:55999] AH01215: fatal: failed to write object, referer: https://gersh.in/buzzwords/
[Wed Jul 25 15:38:24.537574 2018] [cgi:error] [pid 8627] [client 162.243.33.6:55999] AH01215: fatal: unpack-objects failed, referer: https://gersh.in/buzzwords/
[Wed Jul 25 15:38:24.537607 2018] [cgi:error] [pid 8627] [client 162.243.33.6:55999] AH01215: error: Could not fetch origin, referer: https://gersh.in/buzzwords/
[Wed Jul 25 15:38:24.634357 2018] [cgi:error] [pid 8630] [client 127.0.0.1:33894] AH01215: error: insufficient permission for adding an object to repository database .git/objects, referer: https://gersh.in/buzzwords/
[Wed Jul 25 15:38:24.637503 2018] [cgi:error] [pid 8630] [client 127.0.0.1:33894] AH01215: fatal: failed to write object, referer: https://gersh.in/buzzwords/
[Wed Jul 25 15:38:24.637839 2018] [cgi:error] [pid 8630] [client 127.0.0.1:33894] AH01215: fatal: unpack-objects failed, referer: https://gersh.in/buzzwords/
[Wed Jul 25 15:38:24.785596 2018] [cgi:error] [pid 8627] [client 162.243.33.6:55999] AH01215: error: insufficient permission for adding an object to repository database .git/objects, referer: https://gersh.in/buzzwords/
[Wed Jul 25 15:38:24.785684 2018] [cgi:error] [pid 8627] [client 162.243.33.6:55999] AH01215: fatal: failed to write object, referer: https://gersh.in/buzzwords/
[Wed Jul 25 15:38:24.786140 2018] [cgi:error] [pid 8627] [client 162.243.33.6:55999] AH01215: fatal: unpack-objects failed, referer: https://gersh.in/buzzwords/
[Wed Jul 25 15:38:25.771742 2018] [cgi:error] [pid 8691] [client 127.0.0.1:33906] AH01215: error: insufficient permission for adding an object to repository database .git/objects, referer: https://gersh.in/buzzwords/
[Wed Jul 25 15:38:25.771844 2018] [cgi:error] [pid 8691] [client 127.0.0.1:33906] AH01215: fatal: failed to write object, referer: https://gersh.in/buzzwords/
[Wed Jul 25 15:38:25.772791 2018] [cgi:error] [pid 8691] [client 127.0.0.1:33906] AH01215: fatal: unpack-objects failed, referer: https://gersh.in/buzzwords/
[Wed Jul 25 15:38:25.776552 2018] [cgi:error] [pid 8691] [client 127.0.0.1:33906] AH01215: error: Could not fetch origin, referer: https://gersh.in/buzzwords/
[Wed Jul 25 15:38:26.004551 2018] [cgi:error] [pid 8691] [client 127.0.0.1:33906] AH01215: error: insufficient permission for adding an object to repository database .git/objects, referer: https://gersh.in/buzzwords/
[Wed Jul 25 15:38:26.004624 2018] [cgi:error] [pid 8691] [client 127.0.0.1:33906] AH01215: fatal: failed to write object, referer: https://gersh.in/buzzwords/
[Wed Jul 25 15:38:26.004899 2018] [cgi:error] [pid 8691] [client 127.0.0.1:33906] AH01215: fatal: unpack-objects failed, referer: https://gersh.in/buzzwords/
[Wed Jul 25 15:47:29.439362 2018] [cgi:error] [pid 8628] [client 127.0.0.1:35732] AH01215: error: insufficient permission for adding an object to repository database .git/objects, referer: https://gersh.in/buzzwords/
[Wed Jul 25 15:47:29.439442 2018] [cgi:error] [pid 8628] [client 127.0.0.1:35732] AH01215: fatal: failed to write object, referer: https://gersh.in/buzzwords/
[Wed Jul 25 15:47:29.441677 2018] [cgi:error] [pid 8628] [client 127.0.0.1:35732] AH01215: fatal: unpack-objects failed, referer: https://gersh.in/buzzwords/
[Wed Jul 25 15:47:29.441710 2018] [cgi:error] [pid 8628] [client 127.0.0.1:35732] AH01215: error: Could not fetch origin, referer: https://gersh.in/buzzwords/
[Wed Jul 25 15:47:30.080598 2018] [cgi:error] [pid 8628] [client 127.0.0.1:35732] AH01215: error: insufficient permission for adding an object to repository database .git/objects, referer: https://gersh.in/buzzwords/
[Wed Jul 25 15:47:30.080669 2018] [cgi:error] [pid 8628] [client 127.0.0.1:35732] AH01215: fatal: failed to write object, referer: https://gersh.in/buzzwords/
[Wed Jul 25 15:47:30.087819 2018] [cgi:error] [pid 8628] [client 127.0.0.1:35732] AH01215: fatal: unpack-objects failed, referer: https://gersh.in/buzzwords/
[Wed Jul 25 15:47:40.890742 2018] [cgi:error] [pid 8629] [client 162.243.33.6:57910] AH01215: error: insufficient permission for adding an object to repository database .git/objects, referer: https://gersh.in/buzzwords/
[Wed Jul 25 15:47:40.890857 2018] [cgi:error] [pid 8629] [client 162.243.33.6:57910] AH01215: fatal: failed to write object, referer: https://gersh.in/buzzwords/
[Wed Jul 25 15:47:40.893288 2018] [cgi:error] [pid 8629] [client 162.243.33.6:57910] AH01215: fatal: unpack-objects failed, referer: https://gersh.in/buzzwords/
[Wed Jul 25 15:47:40.893322 2018] [cgi:error] [pid 8629] [client 162.243.33.6:57910] AH01215: error: Could not fetch origin, referer: https://gersh.in/buzzwords/
[Wed Jul 25 15:47:41.162771 2018] [cgi:error] [pid 8629] [client 162.243.33.6:57910] AH01215: error: insufficient permission for adding an object to repository database .git/objects, referer: https://gersh.in/buzzwords/
[Wed Jul 25 15:47:41.163852 2018] [cgi:error] [pid 8629] [client 162.243.33.6:57910] AH01215: fatal: failed to write object, referer: https://gersh.in/buzzwords/
[Wed Jul 25 15:47:41.164165 2018] [cgi:error] [pid 8629] [client 162.243.33.6:57910] AH01215: fatal: unpack-objects failed, referer: https://gersh.in/buzzwords/
[Wed Jul 25 15:47:41.418368 2018] [cgi:error] [pid 8626] [client 162.243.33.6:57917] AH01215: error: insufficient permission for adding an object to repository database .git/objects, referer: https://gersh.in/buzzwords/
[Wed Jul 25 15:47:41.418452 2018] [cgi:error] [pid 8626] [client 162.243.33.6:57917] AH01215: fatal: failed to write object, referer: https://gersh.in/buzzwords/
[Wed Jul 25 15:47:41.418797 2018] [cgi:error] [pid 8626] [client 162.243.33.6:57917] AH01215: fatal: unpack-objects failed, referer: https://gersh.in/buzzwords/
[Wed Jul 25 15:47:41.423543 2018] [cgi:error] [pid 8626] [client 162.243.33.6:57917] AH01215: error: Could not fetch origin, referer: https://gersh.in/buzzwords/
[Wed Jul 25 15:47:41.719142 2018] [cgi:error] [pid 8626] [client 162.243.33.6:57917] AH01215: error: insufficient permission for adding an object to repository database .git/objects, referer: https://gersh.in/buzzwords/
[Wed Jul 25 15:47:41.719235 2018] [cgi:error] [pid 8626] [client 162.243.33.6:57917] AH01215: fatal: failed to write object, referer: https://gersh.in/buzzwords/
[Wed Jul 25 15:47:41.723825 2018] [cgi:error] [pid 8626] [client 162.243.33.6:57917] AH01215: fatal: unpack-objects failed, referer: https://gersh.in/buzzwords/
[Wed Jul 25 15:47:46.036846 2018] [cgi:error] [pid 8628] [client 162.243.33.6:57935] AH01215: error: insufficient permission for adding an object to repository database .git/objects, referer: https://gersh.in/buzzwords/
[Wed Jul 25 15:47:46.036926 2018] [cgi:error] [pid 8628] [client 162.243.33.6:57935] AH01215: fatal: failed to write object, referer: https://gersh.in/buzzwords/
[Wed Jul 25 15:47:46.038522 2018] [cgi:error] [pid 8628] [client 162.243.33.6:57935] AH01215: fatal: unpack-objects failed, referer: https://gersh.in/buzzwords/
[Wed Jul 25 15:47:46.038554 2018] [cgi:error] [pid 8628] [client 162.243.33.6:57935] AH01215: error: Could not fetch origin, referer: https://gersh.in/buzzwords/
[Wed Jul 25 15:47:46.277468 2018] [cgi:error] [pid 8628] [client 162.243.33.6:57935] AH01215: error: insufficient permission for adding an object to repository database .git/objects, referer: https://gersh.in/buzzwords/
[Wed Jul 25 15:47:46.277537 2018] [cgi:error] [pid 8628] [client 162.243.33.6:57935] AH01215: fatal: failed to write object, referer: https://gersh.in/buzzwords/
[Wed Jul 25 15:47:46.277842 2018] [cgi:error] [pid 8628] [client 162.243.33.6:57935] AH01215: fatal: unpack-objects failed, referer: https://gersh.in/buzzwords/
[Wed Jul 25 15:47:46.915860 2018] [cgi:error] [pid 8627] [client 127.0.0.1:35837] AH01215: error: insufficient permission for adding an object to repository database .git/objects, referer: https://gersh.in/buzzwords/
[Wed Jul 25 15:47:46.915941 2018] [cgi:error] [pid 8627] [client 127.0.0.1:35837] AH01215: fatal: failed to write object, referer: https://gersh.in/buzzwords/
[Wed Jul 25 15:47:46.917567 2018] [cgi:error] [pid 8627] [client 127.0.0.1:35837] AH01215: fatal: unpack-objects failed, referer: https://gersh.in/buzzwords/
[Wed Jul 25 15:47:46.917612 2018] [cgi:error] [pid 8627] [client 127.0.0.1:35837] AH01215: error: Could not fetch origin, referer: https://gersh.in/buzzwords/
[Wed Jul 25 15:47:47.171244 2018] [cgi:error] [pid 8627] [client 127.0.0.1:35837] AH01215: error: insufficient permission for adding an object to repository database .git/objects, referer: https://gersh.in/buzzwords/
[Wed Jul 25 15:47:47.171315 2018] [cgi:error] [pid 8627] [client 127.0.0.1:35837] AH01215: fatal: failed to write object, referer: https://gersh.in/buzzwords/
[Wed Jul 25 15:47:47.175819 2018] [cgi:error] [pid 8627] [client 127.0.0.1:35837] AH01215: fatal: unpack-objects failed, referer: https://gersh.in/buzzwords/
[Wed Jul 25 15:47:47.291547 2018] [cgi:error] [pid 8630] [client 162.243.33.6:57944] AH01215: error: insufficient permission for adding an object to repository database .git/objects, referer: https://gersh.in/buzzwords/
[Wed Jul 25 15:47:47.291631 2018] [cgi:error] [pid 8630] [client 162.243.33.6:57944] AH01215: fatal: failed to write object, referer: https://gersh.in/buzzwords/
[Wed Jul 25 15:47:47.294175 2018] [cgi:error] [pid 8630] [client 162.243.33.6:57944] AH01215: fatal: unpack-objects failed, referer: https://gersh.in/buzzwords/
[Wed Jul 25 15:47:47.294209 2018] [cgi:error] [pid 8630] [client 162.243.33.6:57944] AH01215: error: Could not fetch origin, referer: https://gersh.in/buzzwords/
[Wed Jul 25 15:47:47.539850 2018] [cgi:error] [pid 8630] [client 162.243.33.6:57944] AH01215: error: insufficient permission for adding an object to repository database .git/objects, referer: https://gersh.in/buzzwords/
[Wed Jul 25 15:47:47.539920 2018] [cgi:error] [pid 8630] [client 162.243.33.6:57944] AH01215: fatal: failed to write object, referer: https://gersh.in/buzzwords/
[Wed Jul 25 15:47:47.543848 2018] [cgi:error] [pid 8630] [client 162.243.33.6:57944] AH01215: fatal: unpack-objects failed, referer: https://gersh.in/buzzwords/
[Wed Jul 25 15:47:47.736585 2018] [cgi:error] [pid 10690] [client 127.0.0.1:35846] AH01215: error: insufficient permission for adding an object to repository database .git/objects, referer: https://gersh.in/buzzwords/
[Wed Jul 25 15:47:47.736664 2018] [cgi:error] [pid 10690] [client 127.0.0.1:35846] AH01215: fatal: failed to write object, referer: https://gersh.in/buzzwords/
[Wed Jul 25 15:47:47.738417 2018] [cgi:error] [pid 10690] [client 127.0.0.1:35846] AH01215: fatal: unpack-objects failed, referer: https://gersh.in/buzzwords/
[Wed Jul 25 15:47:47.738450 2018] [cgi:error] [pid 10690] [client 127.0.0.1:35846] AH01215: error: Could not fetch origin, referer: https://gersh.in/buzzwords/
[Wed Jul 25 15:47:47.973800 2018] [cgi:error] [pid 10690] [client 127.0.0.1:35846] AH01215: error: insufficient permission for adding an object to repository database .git/objects, referer: https://gersh.in/buzzwords/
[Wed Jul 25 15:47:47.973870 2018] [cgi:error] [pid 10690] [client 127.0.0.1:35846] AH01215: fatal: failed to write object, referer: https://gersh.in/buzzwords/
[Wed Jul 25 15:47:47.977657 2018] [cgi:error] [pid 10690] [client 127.0.0.1:35846] AH01215: fatal: unpack-objects failed, referer: https://gersh.in/buzzwords/
[Wed Jul 25 15:47:48.867028 2018] [cgi:error] [pid 8627] [client 127.0.0.1:35854] AH01215: error: insufficient permission for adding an object to repository database .git/objects, referer: https://gersh.in/buzzwords/
[Wed Jul 25 15:47:48.867106 2018] [cgi:error] [pid 8627] [client 127.0.0.1:35854] AH01215: fatal: failed to write object, referer: https://gersh.in/buzzwords/
[Wed Jul 25 15:47:48.868892 2018] [cgi:error] [pid 8627] [client 127.0.0.1:35854] AH01215: fatal: unpack-objects failed, referer: https://gersh.in/buzzwords/
[Wed Jul 25 15:47:48.868927 2018] [cgi:error] [pid 8627] [client 127.0.0.1:35854] AH01215: error: Could not fetch origin, referer: https://gersh.in/buzzwords/
[Wed Jul 25 15:47:49.102494 2018] [cgi:error] [pid 8627] [client 127.0.0.1:35854] AH01215: error: insufficient permission for adding an object to repository database .git/objects, referer: https://gersh.in/buzzwords/
[Wed Jul 25 15:47:49.102568 2018] [cgi:error] [pid 8627] [client 127.0.0.1:35854] AH01215: fatal: failed to write object, referer: https://gersh.in/buzzwords/
[Wed Jul 25 15:47:49.107860 2018] [cgi:error] [pid 8627] [client 127.0.0.1:35854] AH01215: fatal: unpack-objects failed, referer: https://gersh.in/buzzwords/
[Wed Jul 25 15:51:05.699293 2018] [cgi:error] [pid 8626] [client 127.0.0.1:36762] AH01215: error: insufficient permission for adding an object to repository database .git/objects, referer: https://gersh.in/buzzwords/
[Wed Jul 25 15:51:05.699386 2018] [cgi:error] [pid 8626] [client 127.0.0.1:36762] AH01215: fatal: failed to write object, referer: https://gersh.in/buzzwords/
[Wed Jul 25 15:51:05.701377 2018] [cgi:error] [pid 8626] [client 127.0.0.1:36762] AH01215: fatal: unpack-objects failed, referer: https://gersh.in/buzzwords/
[Wed Jul 25 15:51:05.701428 2018] [cgi:error] [pid 8626] [client 127.0.0.1:36762] AH01215: error: Could not fetch origin, referer: https://gersh.in/buzzwords/
[Wed Jul 25 15:51:05.940470 2018] [cgi:error] [pid 8626] [client 127.0.0.1:36762] AH01215: error: insufficient permission for adding an object to repository database .git/objects, referer: https://gersh.in/buzzwords/
[Wed Jul 25 15:51:05.940539 2018] [cgi:error] [pid 8626] [client 127.0.0.1:36762] AH01215: fatal: failed to write object, referer: https://gersh.in/buzzwords/
[Wed Jul 25 15:51:05.944313 2018] [cgi:error] [pid 8626] [client 127.0.0.1:36762] AH01215: fatal: unpack-objects failed, referer: https://gersh.in/buzzwords/
[Wed Jul 25 15:53:02.916292 2018] [autoindex:error] [pid 8626] [client 127.0.0.1:37259] AH01276: Cannot serve directory /home/website/buzzwords/cgi-bin/: No matching DirectoryIndex (index.html,index.cgi,index.pl,index.php,index.xhtml,index.htm) found, and server-generated directory index forbidden by Options directive
[Wed Jul 25 15:57:01.892234 2018] [cgi:error] [pid 8630] [client 127.0.0.1:38039] AH01215: From https://github.com/GershonR/Buzzword-Generator, referer: https://gersh.in/buzzwords/
[Wed Jul 25 15:57:01.892997 2018] [cgi:error] [pid 8630] [client 127.0.0.1:38039] AH01215:    b4458c4..d6fe3b6  master     -> origin/master, referer: https://gersh.in/buzzwords/
[Wed Jul 25 15:58:42.939984 2018] [cgi:error] [pid 8628] [client 162.243.33.6:60440] AH01215: From https://github.com/GershonR/Buzzword-Generator, referer: https://gersh.in/buzzwords/
[Wed Jul 25 15:58:42.942374 2018] [cgi:error] [pid 8628] [client 162.243.33.6:60440] AH01215:    d6fe3b6..e3e2548  master     -> origin/master, referer: https://gersh.in/buzzwords/
[Wed Jul 25 15:59:47.265938 2018] [cgi:error] [pid 8626] [client 162.243.33.6:60663] AH01215: (13)Permission denied: exec of '/home/website/buzzwords/cgi-bin/get-contributers.cgi' failed, referer: https://gersh.in/buzzwords/
[Wed Jul 25 15:59:47.266529 2018] [cgi:error] [pid 8626] [client 162.243.33.6:60663] End of script output before headers: get-contributers.cgi, referer: https://gersh.in/buzzwords/
[Wed Jul 25 15:59:48.152096 2018] [cgi:error] [pid 8628] [client 162.243.33.6:60668] AH01215: (13)Permission denied: exec of '/home/website/buzzwords/cgi-bin/get-contributers.cgi' failed, referer: https://gersh.in/buzzwords/
[Wed Jul 25 15:59:48.152905 2018] [cgi:error] [pid 8628] [client 162.243.33.6:60668] End of script output before headers: get-contributers.cgi, referer: https://gersh.in/buzzwords/
[Wed Jul 25 16:00:16.049274 2018] [cgi:error] [pid 8628] [client 127.0.0.1:38652] AH01215: (13)Permission denied: exec of '/home/website/buzzwords/cgi-bin/get-contributers.cgi' failed
[Wed Jul 25 16:00:16.050502 2018] [cgi:error] [pid 8628] [client 127.0.0.1:38652] End of script output before headers: get-contributers.cgi
[Wed Jul 25 16:00:17.808177 2018] [cgi:error] [pid 8630] [client 127.0.0.1:38659] AH01215: (13)Permission denied: exec of '/home/website/buzzwords/cgi-bin/get-contributers.cgi' failed
[Wed Jul 25 16:00:17.808961 2018] [cgi:error] [pid 8630] [client 127.0.0.1:38659] End of script output before headers: get-contributers.cgi
[Wed Jul 25 16:00:18.603532 2018] [cgi:error] [pid 8691] [client 162.243.33.6:60763] AH01215: (13)Permission denied: exec of '/home/website/buzzwords/cgi-bin/get-contributers.cgi' failed
[Wed Jul 25 16:00:18.604449 2018] [cgi:error] [pid 8691] [client 162.243.33.6:60763] End of script output before headers: get-contributers.cgi
[Wed Jul 25 16:00:35.820842 2018] [cgi:error] [pid 8628] [client 162.243.33.6:60816] AH01215: (13)Permission denied: exec of '/home/website/buzzwords/cgi-bin/get-contributers.cgi' failed
[Wed Jul 25 16:00:35.821478 2018] [cgi:error] [pid 8628] [client 162.243.33.6:60816] End of script output before headers: get-contributers.cgi
[Wed Jul 25 16:00:57.601900 2018] [cgi:error] [pid 8626] [client 127.0.0.1:38776] AH01215: (13)Permission denied: exec of '/home/website/buzzwords/cgi-bin/get-contributers.cgi' failed
[Wed Jul 25 16:00:57.602707 2018] [cgi:error] [pid 8626] [client 127.0.0.1:38776] End of script output before headers: get-contributers.cgi
[Wed Jul 25 16:00:58.211481 2018] [cgi:error] [pid 8627] [client 162.243.33.6:60883] AH01215: (13)Permission denied: exec of '/home/website/buzzwords/cgi-bin/get-contributers.cgi' failed
[Wed Jul 25 16:00:58.212325 2018] [cgi:error] [pid 8627] [client 162.243.33.6:60883] End of script output before headers: get-contributers.cgi
[Wed Jul 25 16:01:12.614909 2018] [cgi:error] [pid 8629] [client 162.243.33.6:60922] AH01215: (13)Permission denied: exec of '/home/website/buzzwords/cgi-bin/get-contributers.cgi' failed
[Wed Jul 25 16:01:12.616333 2018] [cgi:error] [pid 8629] [client 162.243.33.6:60922] End of script output before headers: get-contributers.cgi
[Wed Jul 25 16:02:31.437717 2018] [cgi:error] [pid 8629] [client 127.0.0.1:39066] AH01215: (13)Permission denied: exec of '/home/website/buzzwords/cgi-bin/get-contributers.cgi' failed, referer: https://gersh.in/buzzwords/
[Wed Jul 25 16:02:31.438661 2018] [cgi:error] [pid 8629] [client 127.0.0.1:39066] End of script output before headers: get-contributers.cgi, referer: https://gersh.in/buzzwords/
[Wed Jul 25 16:02:32.780965 2018] [cgi:error] [pid 8628] [client 127.0.0.1:39073] AH01215: (13)Permission denied: exec of '/home/website/buzzwords/cgi-bin/get-contributers.cgi' failed
[Wed Jul 25 16:02:32.781790 2018] [cgi:error] [pid 8628] [client 127.0.0.1:39073] End of script output before headers: get-contributers.cgi
[Wed Jul 25 16:02:33.590960 2018] [cgi:error] [pid 10690] [client 127.0.0.1:39075] AH01215: (13)Permission denied: exec of '/home/website/buzzwords/cgi-bin/get-contributers.cgi' failed
[Wed Jul 25 16:02:33.591543 2018] [cgi:error] [pid 10690] [client 127.0.0.1:39075] End of script output before headers: get-contributers.cgi
[Wed Jul 25 16:06:07.322638 2018] [cgi:error] [pid 8628] [client 127.0.0.1:39806] AH01215: (13)Permission denied: exec of '/home/website/buzzwords/cgi-bin/get-contributers.cgi' failed, referer: https://gersh.in/buzzwords/
[Wed Jul 25 16:06:07.323505 2018] [cgi:error] [pid 8628] [client 127.0.0.1:39806] End of script output before headers: get-contributers.cgi, referer: https://gersh.in/buzzwords/
[Wed Jul 25 16:06:08.575413 2018] [cgi:error] [pid 8629] [client 127.0.0.1:39811] AH01215: (13)Permission denied: exec of '/home/website/buzzwords/cgi-bin/get-contributers.cgi' failed, referer: https://gersh.in/buzzwords/
[Wed Jul 25 16:06:08.576009 2018] [cgi:error] [pid 8629] [client 127.0.0.1:39811] End of script output before headers: get-contributers.cgi, referer: https://gersh.in/buzzwords/
[Wed Jul 25 16:06:09.556593 2018] [cgi:error] [pid 8627] [client 127.0.0.1:39815] AH01215: (13)Permission denied: exec of '/home/website/buzzwords/cgi-bin/get-contributers.cgi' failed, referer: https://gersh.in/buzzwords/
[Wed Jul 25 16:06:09.557173 2018] [cgi:error] [pid 8627] [client 127.0.0.1:39815] End of script output before headers: get-contributers.cgi, referer: https://gersh.in/buzzwords/
[Wed Jul 25 16:06:11.907409 2018] [cgi:error] [pid 10690] [client 127.0.0.1:39822] AH01215: (13)Permission denied: exec of '/home/website/buzzwords/cgi-bin/get-contributers.cgi' failed, referer: https://gersh.in/buzzwords/
[Wed Jul 25 16:06:11.908021 2018] [cgi:error] [pid 10690] [client 127.0.0.1:39822] End of script output before headers: get-contributers.cgi, referer: https://gersh.in/buzzwords/
[Wed Jul 25 16:06:12.618801 2018] [cgi:error] [pid 8626] [client 127.0.0.1:39827] AH01215: (13)Permission denied: exec of '/home/website/buzzwords/cgi-bin/get-contributers.cgi' failed, referer: https://gersh.in/buzzwords/
[Wed Jul 25 16:06:12.619474 2018] [cgi:error] [pid 8626] [client 127.0.0.1:39827] End of script output before headers: get-contributers.cgi, referer: https://gersh.in/buzzwords/
[Wed Jul 25 16:06:13.152104 2018] [cgi:error] [pid 10690] [client 127.0.0.1:39833] AH01215: (13)Permission denied: exec of '/home/website/buzzwords/cgi-bin/get-contributers.cgi' failed, referer: https://gersh.in/buzzwords/
[Wed Jul 25 16:06:13.152690 2018] [cgi:error] [pid 10690] [client 127.0.0.1:39833] End of script output before headers: get-contributers.cgi, referer: https://gersh.in/buzzwords/
[Wed Jul 25 16:06:16.715864 2018] [cgi:error] [pid 8630] [client 162.243.33.6:33716] AH01215: (13)Permission denied: exec of '/home/website/buzzwords/cgi-bin/get-contributers.cgi' failed, referer: https://gersh.in/buzzwords/
[Wed Jul 25 16:06:16.716484 2018] [cgi:error] [pid 8630] [client 162.243.33.6:33716] End of script output before headers: get-contributers.cgi, referer: https://gersh.in/buzzwords/
[Wed Jul 25 16:06:17.480054 2018] [cgi:error] [pid 8626] [client 162.243.33.6:33720] AH01215: (13)Permission denied: exec of '/home/website/buzzwords/cgi-bin/get-contributers.cgi' failed, referer: https://gersh.in/buzzwords/
[Wed Jul 25 16:06:17.480639 2018] [cgi:error] [pid 8626] [client 162.243.33.6:33720] End of script output before headers: get-contributers.cgi, referer: https://gersh.in/buzzwords/
[Wed Jul 25 16:06:36.690655 2018] [cgi:error] [pid 8629] [client 127.0.0.1:39909] AH01215: From https://github.com/GershonR/Buzzword-Generator, referer: https://gersh.in/buzzwords/
[Wed Jul 25 16:06:36.690766 2018] [cgi:error] [pid 8629] [client 127.0.0.1:39909] AH01215:    e3e2548..685fe65  master     -> origin/master, referer: https://gersh.in/buzzwords/
[Wed Jul 25 16:06:44.083218 2018] [cgi:error] [pid 8630] [client 127.0.0.1:39937] AH01215: (13)Permission denied: exec of '/home/website/buzzwords/cgi-bin/get-contributers.cgi' failed, referer: https://gersh.in/buzzwords/
[Wed Jul 25 16:06:44.083819 2018] [cgi:error] [pid 8630] [client 127.0.0.1:39937] End of script output before headers: get-contributers.cgi, referer: https://gersh.in/buzzwords/
[Wed Jul 25 16:07:38.943843 2018] [cgi:error] [pid 8627] [client 162.243.33.6:33991] AH01215: From https://github.com/GershonR/Buzzword-Generator, referer: https://gersh.in/buzzwords/
[Wed Jul 25 16:07:38.943912 2018] [cgi:error] [pid 8627] [client 162.243.33.6:33991] AH01215:    685fe65..ba9dd5e  master     -> origin/master, referer: https://gersh.in/buzzwords/
[Wed Jul 25 16:07:40.990081 2018] [cgi:error] [pid 8626] [client 127.0.0.1:40133] AH01215: (13)Permission denied: exec of '/home/website/buzzwords/cgi-bin/get-contributers.cgi' failed, referer: https://gersh.in/buzzwords/
[Wed Jul 25 16:07:40.990676 2018] [cgi:error] [pid 8626] [client 127.0.0.1:40133] End of script output before headers: get-contributers.cgi, referer: https://gersh.in/buzzwords/
[Wed Jul 25 16:07:41.830500 2018] [cgi:error] [pid 10690] [client 162.243.33.6:34006] AH01215: (13)Permission denied: exec of '/home/website/buzzwords/cgi-bin/get-contributers.cgi' failed, referer: https://gersh.in/buzzwords/
[Wed Jul 25 16:07:41.831202 2018] [cgi:error] [pid 10690] [client 162.243.33.6:34006] End of script output before headers: get-contributers.cgi, referer: https://gersh.in/buzzwords/
[Wed Jul 25 16:07:43.104225 2018] [cgi:error] [pid 8629] [client 127.0.0.1:40142] AH01215: (13)Permission denied: exec of '/home/website/buzzwords/cgi-bin/get-contributers.cgi' failed, referer: https://gersh.in/buzzwords/
[Wed Jul 25 16:07:43.104810 2018] [cgi:error] [pid 8629] [client 127.0.0.1:40142] End of script output before headers: get-contributers.cgi, referer: https://gersh.in/buzzwords/
[Wed Jul 25 16:07:44.521302 2018] [cgi:error] [pid 8630] [client 162.243.33.6:34016] AH01215: (13)Permission denied: exec of '/home/website/buzzwords/cgi-bin/get-contributers.cgi' failed, referer: https://gersh.in/buzzwords/
[Wed Jul 25 16:07:44.521877 2018] [cgi:error] [pid 8630] [client 162.243.33.6:34016] End of script output before headers: get-contributers.cgi, referer: https://gersh.in/buzzwords/
[Wed Jul 25 16:07:45.278270 2018] [cgi:error] [pid 8691] [client 127.0.0.1:40149] AH01215: (13)Permission denied: exec of '/home/website/buzzwords/cgi-bin/get-contributers.cgi' failed, referer: https://gersh.in/buzzwords/
[Wed Jul 25 16:07:45.278819 2018] [cgi:error] [pid 8691] [client 127.0.0.1:40149] End of script output before headers: get-contributers.cgi, referer: https://gersh.in/buzzwords/
[Wed Jul 25 16:07:46.081757 2018] [cgi:error] [pid 10690] [client 162.243.33.6:34023] AH01215: (13)Permission denied: exec of '/home/website/buzzwords/cgi-bin/get-contributers.cgi' failed, referer: https://gersh.in/buzzwords/
[Wed Jul 25 16:07:46.082325 2018] [cgi:error] [pid 10690] [client 162.243.33.6:34023] End of script output before headers: get-contributers.cgi, referer: https://gersh.in/buzzwords/
[Wed Jul 25 16:07:46.838299 2018] [cgi:error] [pid 8627] [client 127.0.0.1:40154] AH01215: (13)Permission denied: exec of '/home/website/buzzwords/cgi-bin/get-contributers.cgi' failed, referer: https://gersh.in/buzzwords/
[Wed Jul 25 16:07:46.838989 2018] [cgi:error] [pid 8627] [client 127.0.0.1:40154] End of script output before headers: get-contributers.cgi, referer: https://gersh.in/buzzwords/
[Wed Jul 25 16:07:47.374853 2018] [cgi:error] [pid 8630] [client 162.243.33.6:34027] AH01215: (13)Permission denied: exec of '/home/website/buzzwords/cgi-bin/get-contributers.cgi' failed, referer: https://gersh.in/buzzwords/
[Wed Jul 25 16:07:47.375478 2018] [cgi:error] [pid 8630] [client 162.243.33.6:34027] End of script output before headers: get-contributers.cgi, referer: https://gersh.in/buzzwords/
[Wed Jul 25 16:07:47.853931 2018] [cgi:error] [pid 8628] [client 127.0.0.1:40158] AH01215: (13)Permission denied: exec of '/home/website/buzzwords/cgi-bin/get-contributers.cgi' failed, referer: https://gersh.in/buzzwords/
[Wed Jul 25 16:07:47.854512 2018] [cgi:error] [pid 8628] [client 127.0.0.1:40158] End of script output before headers: get-contributers.cgi, referer: https://gersh.in/buzzwords/
[Wed Jul 25 16:07:48.820962 2018] [cgi:error] [pid 8626] [client 127.0.0.1:40163] AH01215: (13)Permission denied: exec of '/home/website/buzzwords/cgi-bin/get-contributers.cgi' failed, referer: https://gersh.in/buzzwords/
[Wed Jul 25 16:07:48.821605 2018] [cgi:error] [pid 8626] [client 127.0.0.1:40163] End of script output before headers: get-contributers.cgi, referer: https://gersh.in/buzzwords/
[Wed Jul 25 16:07:49.511653 2018] [cgi:error] [pid 8627] [client 162.243.33.6:34036] AH01215: (13)Permission denied: exec of '/home/website/buzzwords/cgi-bin/get-contributers.cgi' failed, referer: https://gersh.in/buzzwords/
[Wed Jul 25 16:07:49.512285 2018] [cgi:error] [pid 8627] [client 162.243.33.6:34036] End of script output before headers: get-contributers.cgi, referer: https://gersh.in/buzzwords/
